  Determinando los proyectos que se van a restaurar...
  Todos los proyectos est├ín actualizados para la restauraci├│n.
c:\tmp\OwOverlays\Form1.cs(940,16): warning CS8618: El elemento propiedad "FilePath" que no acepta valores NULL debe contener un valor distinto de NULL al salir del constructor. Considere la posibilidad de agregar el modificador "required'"o declarar el propiedad como un valor que acepta valores NULL. [c:\tmp\OwOverlays\OwOverlays.csproj]
c:\tmp\OwOverlays\Form1.cs(720,16): warning CS8618: El elemento evento "RequestRemove" que no acepta valores NULL debe contener un valor distinto de NULL al salir del constructor. Considere la posibilidad de agregar el modificador "required'"o declarar el evento como un valor que acepta valores NULL. [c:\tmp\OwOverlays\OwOverlays.csproj]
c:\tmp\OwOverlays\Form1.cs(34,36): warning CS8602: Desreferencia de una referencia posiblemente NULL. [c:\tmp\OwOverlays\OwOverlays.csproj]
c:\tmp\OwOverlays\Form1.cs(69,29): warning CS8622: La nulabilidad de los tipos de referencia del tipo de par├ímetro"sender" de "void Form1.BtnAdd_Click(object sender, EventArgs e)" no coincide con el delegado de destino "EventHandler" (posiblemente debido a los atributos de nulabilidad). [c:\tmp\OwOverlays\OwOverlays.csproj]
c:\tmp\OwOverlays\Form1.cs(74,32): warning CS8622: La nulabilidad de los tipos de referencia del tipo de par├ímetro"sender" de "void Form1.BtnRemove_Click(object sender, EventArgs e)" no coincide con el delegado de destino "EventHandler" (posiblemente debido a los atributos de nulabilidad). [c:\tmp\OwOverlays\OwOverlays.csproj]
c:\tmp\OwOverlays\Form1.cs(92,41): warning CS8622: La nulabilidad de los tipos de referencia del tipo de par├ímetro"sender" de "void Form1.HeightInput_ValueChanged(object sender, EventArgs e)" no coincide con el delegado de destino "EventHandler" (posiblemente debido a los atributos de nulabilidad). [c:\tmp\OwOverlays\OwOverlays.csproj]
c:\tmp\OwOverlays\Form1.cs(100,50): warning CS8622: La nulabilidad de los tipos de referencia del tipo de par├ímetro"sender" de "void Form1.TaskbarHeightCheck_CheckedChanged(object sender, EventArgs e)" no coincide con el delegado de destino "EventHandler" (posiblemente debido a los atributos de nulabilidad). [c:\tmp\OwOverlays\OwOverlays.csproj]
c:\tmp\OwOverlays\Form1.cs(108,47): warning CS8622: La nulabilidad de los tipos de referencia del tipo de par├ímetro"sender" de "void Form1.ChkLockOverlays_CheckedChanged(object sender, EventArgs e)" no coincide con el delegado de destino "EventHandler" (posiblemente debido a los atributos de nulabilidad). [c:\tmp\OwOverlays\OwOverlays.csproj]
c:\tmp\OwOverlays\Form1.cs(125,57): warning CS8622: La nulabilidad de los tipos de referencia del tipo de par├ímetro"sender" de "void Form1.OrientationDropdown_SelectedIndexChanged(object sender, EventArgs e)" no coincide con el delegado de destino "EventHandler" (posiblemente debido a los atributos de nulabilidad). [c:\tmp\OwOverlays\OwOverlays.csproj]
c:\tmp\OwOverlays\Form1.cs(159,76): warning CS8625: No se puede convertir un literal NULL en un tipo de referencia que no acepta valores NULL. [c:\tmp\OwOverlays\OwOverlays.csproj]
c:\tmp\OwOverlays\Form1.cs(159,82): warning CS8625: No se puede convertir un literal NULL en un tipo de referencia que no acepta valores NULL. [c:\tmp\OwOverlays\OwOverlays.csproj]
c:\tmp\OwOverlays\Form1.cs(253,24): warning CS8602: Desreferencia de una referencia posiblemente NULL. [c:\tmp\OwOverlays\OwOverlays.csproj]
c:\tmp\OwOverlays\Form1.cs(268,54): warning CS8622: La nulabilidad de los tipos de referencia del tipo de par├ímetro"sender" de "void Form1.Overlay_RequestRemove(object sender, EventArgs e)" no coincide con el delegado de destino "EventHandler" (posiblemente debido a los atributos de nulabilidad). [c:\tmp\OwOverlays\OwOverlays.csproj]
c:\tmp\OwOverlays\Form1.cs(279,51): warning CS8622: La nulabilidad de los tipos de referencia del tipo de par├ímetro"sender" de "void Form1.ChkLockOverlays_CheckedChanged(object sender, EventArgs e)" no coincide con el delegado de destino "EventHandler" (posiblemente debido a los atributos de nulabilidad). [c:\tmp\OwOverlays\OwOverlays.csproj]
c:\tmp\OwOverlays\Form1.cs(281,51): warning CS8622: La nulabilidad de los tipos de referencia del tipo de par├ímetro"sender" de "void Form1.ChkLockOverlays_CheckedChanged(object sender, EventArgs e)" no coincide con el delegado de destino "EventHandler" (posiblemente debido a los atributos de nulabilidad). [c:\tmp\OwOverlays\OwOverlays.csproj]
c:\tmp\OwOverlays\Form1.cs(349,34): warning CS8602: Desreferencia de una referencia posiblemente NULL. [c:\tmp\OwOverlays\OwOverlays.csproj]
c:\tmp\OwOverlays\Form1.cs(373,53): warning CS8605: Conversi├│n unboxing a un valor posiblemente NULL. [c:\tmp\OwOverlays\OwOverlays.csproj]
c:\tmp\OwOverlays\Form1.cs(443,20): warning CS8602: Desreferencia de una referencia posiblemente NULL. [c:\tmp\OwOverlays\OwOverlays.csproj]
c:\tmp\OwOverlays\Form1.cs(550,49): warning CS8622: La nulabilidad de los tipos de referencia del tipo de par├ímetro"sender" de "void Form1.Overlay_RequestRemove(object sender, EventArgs e)" no coincide con el delegado de destino "EventHandler" (posiblemente debido a los atributos de nulabilidad). [c:\tmp\OwOverlays\OwOverlays.csproj]
c:\tmp\OwOverlays\Form1.cs(618,28): warning CS8625: No se puede convertir un literal NULL en un tipo de referencia que no acepta valores NULL. [c:\tmp\OwOverlays\OwOverlays.csproj]
c:\tmp\OwOverlays\Form1.cs(624,28): warning CS8625: No se puede convertir un literal NULL en un tipo de referencia que no acepta valores NULL. [c:\tmp\OwOverlays\OwOverlays.csproj]
c:\tmp\OwOverlays\Form1.cs(635,42): warning CS8622: La nulabilidad de los tipos de referencia del tipo de par├ímetro"sender" de "void Form1.Overlay_RequestRemove(object sender, EventArgs e)" no coincide con el delegado de destino "EventHandler" (posiblemente debido a los atributos de nulabilidad). [c:\tmp\OwOverlays\OwOverlays.csproj]
c:\tmp\OwOverlays\Form1.cs(40,29): warning CS8618: El elemento propiedad "Instance" que no acepta valores NULL debe contener un valor distinto de NULL al salir del constructor. Considere la posibilidad de agregar el modificador "required'"o declarar el propiedad como un valor que acepta valores NULL. [c:\tmp\OwOverlays\OwOverlays.csproj]
c:\tmp\OwOverlays\Form1.cs(965,23): error WFO1000: La propiedad "FilePath" no configura la serializaci├│n de c├│digo para su contenido de propiedad [c:\tmp\OwOverlays\OwOverlays.csproj]
c:\tmp\OwOverlays\Form1.cs(966,21): error WFO1000: La propiedad "IsSelected" no configura la serializaci├│n de c├│digo para su contenido de propiedad [c:\tmp\OwOverlays\OwOverlays.csproj]
c:\tmp\OwOverlays\Form1.cs(964,20): error WFO1000: La propiedad "Index" no configura la serializaci├│n de c├│digo para su contenido de propiedad [c:\tmp\OwOverlays\OwOverlays.csproj]

ERROR al compilar.

c:\tmp\OwOverlays\Form1.cs(940,16): warning CS8618: El elemento propiedad "FilePath" que no acepta valores NULL debe contener un valor distinto de NULL al salir del constructor. Considere la posibilidad de agregar el modificador "required'"o declarar el propiedad como un valor que acepta valores NULL. [c:\tmp\OwOverlays\OwOverlays.csproj]
c:\tmp\OwOverlays\Form1.cs(720,16): warning CS8618: El elemento evento "RequestRemove" que no acepta valores NULL debe contener un valor distinto de NULL al salir del constructor. Considere la posibilidad de agregar el modificador "required'"o declarar el evento como un valor que acepta valores NULL. [c:\tmp\OwOverlays\OwOverlays.csproj]
c:\tmp\OwOverlays\Form1.cs(34,36): warning CS8602: Desreferencia de una referencia posiblemente NULL. [c:\tmp\OwOverlays\OwOverlays.csproj]
c:\tmp\OwOverlays\Form1.cs(69,29): warning CS8622: La nulabilidad de los tipos de referencia del tipo de par├ímetro"sender" de "void Form1.BtnAdd_Click(object sender, EventArgs e)" no coincide con el delegado de destino "EventHandler" (posiblemente debido a los atributos de nulabilidad). [c:\tmp\OwOverlays\OwOverlays.csproj]
c:\tmp\OwOverlays\Form1.cs(74,32): warning CS8622: La nulabilidad de los tipos de referencia del tipo de par├ímetro"sender" de "void Form1.BtnRemove_Click(object sender, EventArgs e)" no coincide con el delegado de destino "EventHandler" (posiblemente debido a los atributos de nulabilidad). [c:\tmp\OwOverlays\OwOverlays.csproj]
c:\tmp\OwOverlays\Form1.cs(92,41): warning CS8622: La nulabilidad de los tipos de referencia del tipo de par├ímetro"sender" de "void Form1.HeightInput_ValueChanged(object sender, EventArgs e)" no coincide con el delegado de destino "EventHandler" (posiblemente debido a los atributos de nulabilidad). [c:\tmp\OwOverlays\OwOverlays.csproj]
c:\tmp\OwOverlays\Form1.cs(100,50): warning CS8622: La nulabilidad de los tipos de referencia del tipo de par├ímetro"sender" de "void Form1.TaskbarHeightCheck_CheckedChanged(object sender, EventArgs e)" no coincide con el delegado de destino "EventHandler" (posiblemente debido a los atributos de nulabilidad). [c:\tmp\OwOverlays\OwOverlays.csproj]
c:\tmp\OwOverlays\Form1.cs(108,47): warning CS8622: La nulabilidad de los tipos de referencia del tipo de par├ímetro"sender" de "void Form1.ChkLockOverlays_CheckedChanged(object sender, EventArgs e)" no coincide con el delegado de destino "EventHandler" (posiblemente debido a los atributos de nulabilidad). [c:\tmp\OwOverlays\OwOverlays.csproj]
c:\tmp\OwOverlays\Form1.cs(125,57): warning CS8622: La nulabilidad de los tipos de referencia del tipo de par├ímetro"sender" de "void Form1.OrientationDropdown_SelectedIndexChanged(object sender, EventArgs e)" no coincide con el delegado de destino "EventHandler" (posiblemente debido a los atributos de nulabilidad). [c:\tmp\OwOverlays\OwOverlays.csproj]
c:\tmp\OwOverlays\Form1.cs(159,76): warning CS8625: No se puede convertir un literal NULL en un tipo de referencia que no acepta valores NULL. [c:\tmp\OwOverlays\OwOverlays.csproj]
c:\tmp\OwOverlays\Form1.cs(159,82): warning CS8625: No se puede convertir un literal NULL en un tipo de referencia que no acepta valores NULL. [c:\tmp\OwOverlays\OwOverlays.csproj]
c:\tmp\OwOverlays\Form1.cs(253,24): warning CS8602: Desreferencia de una referencia posiblemente NULL. [c:\tmp\OwOverlays\OwOverlays.csproj]
c:\tmp\OwOverlays\Form1.cs(268,54): warning CS8622: La nulabilidad de los tipos de referencia del tipo de par├ímetro"sender" de "void Form1.Overlay_RequestRemove(object sender, EventArgs e)" no coincide con el delegado de destino "EventHandler" (posiblemente debido a los atributos de nulabilidad). [c:\tmp\OwOverlays\OwOverlays.csproj]
c:\tmp\OwOverlays\Form1.cs(279,51): warning CS8622: La nulabilidad de los tipos de referencia del tipo de par├ímetro"sender" de "void Form1.ChkLockOverlays_CheckedChanged(object sender, EventArgs e)" no coincide con el delegado de destino "EventHandler" (posiblemente debido a los atributos de nulabilidad). [c:\tmp\OwOverlays\OwOverlays.csproj]
c:\tmp\OwOverlays\Form1.cs(281,51): warning CS8622: La nulabilidad de los tipos de referencia del tipo de par├ímetro"sender" de "void Form1.ChkLockOverlays_CheckedChanged(object sender, EventArgs e)" no coincide con el delegado de destino "EventHandler" (posiblemente debido a los atributos de nulabilidad). [c:\tmp\OwOverlays\OwOverlays.csproj]
c:\tmp\OwOverlays\Form1.cs(349,34): warning CS8602: Desreferencia de una referencia posiblemente NULL. [c:\tmp\OwOverlays\OwOverlays.csproj]
c:\tmp\OwOverlays\Form1.cs(373,53): warning CS8605: Conversi├│n unboxing a un valor posiblemente NULL. [c:\tmp\OwOverlays\OwOverlays.csproj]
c:\tmp\OwOverlays\Form1.cs(443,20): warning CS8602: Desreferencia de una referencia posiblemente NULL. [c:\tmp\OwOverlays\OwOverlays.csproj]
c:\tmp\OwOverlays\Form1.cs(550,49): warning CS8622: La nulabilidad de los tipos de referencia del tipo de par├ímetro"sender" de "void Form1.Overlay_RequestRemove(object sender, EventArgs e)" no coincide con el delegado de destino "EventHandler" (posiblemente debido a los atributos de nulabilidad). [c:\tmp\OwOverlays\OwOverlays.csproj]
c:\tmp\OwOverlays\Form1.cs(618,28): warning CS8625: No se puede convertir un literal NULL en un tipo de referencia que no acepta valores NULL. [c:\tmp\OwOverlays\OwOverlays.csproj]
c:\tmp\OwOverlays\Form1.cs(624,28): warning CS8625: No se puede convertir un literal NULL en un tipo de referencia que no acepta valores NULL. [c:\tmp\OwOverlays\OwOverlays.csproj]
c:\tmp\OwOverlays\Form1.cs(635,42): warning CS8622: La nulabilidad de los tipos de referencia del tipo de par├ímetro"sender" de "void Form1.Overlay_RequestRemove(object sender, EventArgs e)" no coincide con el delegado de destino "EventHandler" (posiblemente debido a los atributos de nulabilidad). [c:\tmp\OwOverlays\OwOverlays.csproj]
c:\tmp\OwOverlays\Form1.cs(40,29): warning CS8618: El elemento propiedad "Instance" que no acepta valores NULL debe contener un valor distinto de NULL al salir del constructor. Considere la posibilidad de agregar el modificador "required'"o declarar el propiedad como un valor que acepta valores NULL. [c:\tmp\OwOverlays\OwOverlays.csproj]
c:\tmp\OwOverlays\Form1.cs(965,23): error WFO1000: La propiedad "FilePath" no configura la serializaci├│n de c├│digo para su contenido de propiedad [c:\tmp\OwOverlays\OwOverlays.csproj]
c:\tmp\OwOverlays\Form1.cs(966,21): error WFO1000: La propiedad "IsSelected" no configura la serializaci├│n de c├│digo para su contenido de propiedad [c:\tmp\OwOverlays\OwOverlays.csproj]
c:\tmp\OwOverlays\Form1.cs(964,20): error WFO1000: La propiedad "Index" no configura la serializaci├│n de c├│digo para su contenido de propiedad [c:\tmp\OwOverlays\OwOverlays.csproj]
    23 Advertencia(s)
    3 Errores

Tiempo transcurrido 00:00:01.94
